src/pages/Authentication/SetNewPassword.tsx(51,17): error TS2353: Object literal may only specify known properties, and 'identifier' does not exist in type 'ResetPasswordDto'.
src/pages/Booking/AddPaymentMethod.tsx(4,22): error TS2307: Cannot find module '../../assets/visa-logo.png' or its corresponding type declarations.
src/pages/Booking/AvailableRideList.tsx(5,26): error TS2307: Cannot find module '../../assets/Ellipse 1192.png' or its corresponding type declarations.
src/pages/Booking/AvailableRideList.tsx(6,22): error TS2307: Cannot find module '../../assets/visa-logo.png' or its corresponding type declarations.
src/pages/Booking/AvailableRideList.tsx(7,21): error TS2307: Cannot find module '../../assets/mtn-logo-img.png' or its corresponding type declarations.
src/pages/Booking/Payment.tsx(4,22): error TS2307: Cannot find module '../../assets/visa-logo.png' or its corresponding type declarations.
src/pages/Booking/Payment.tsx(5,21): error TS2307: Cannot find module '../../assets/mtn-logo-img.png' or its corresponding type declarations.
src/pages/Booking/SearchLocation.tsx(4,19): error TS2307: Cannot find module '../../assets/Map1.png' or its corresponding type declarations.
src/pages/Communication/Chat.tsx(5,26): error TS2307: Cannot find module '../../assets/Ellipse 1192.png' or its corresponding type declarations.
src/pages/Communication/DriverOnWay.tsx(5,26): error TS2307: Cannot find module '../../assets/Ellipse 1192.png' or its corresponding type declarations.
src/pages/Communication/DriverOnWay.tsx(6,21): error TS2307: Cannot find module '../../assets/mtn-logo-img.png' or its corresponding type declarations.
src/pages/Communication/DriverOnWay.tsx(7,19): error TS2307: Cannot find module '../../assets/Map1.png' or its corresponding type declarations.
src/pages/Communication/RateTripDriver.tsx(5,26): error TS2307: Cannot find module '../../assets/Ellipse 1192.png' or its corresponding type declarations.
